// Jest Snapshot v1, https://goo.gl/fbAQLP

exports[`<FilterButton /> Should render self 1`] = `
<button
  disabled=""
>
  All
</button>
`;
