// Jest Snapshot v1, https://goo.gl/fbAQLP

exports[`<App /> Should render self 1`] = `
<h1>
  Hello World !
</h1>
`;
